src/cashier/pages/CashierDashboard.tsx(11,20): error TS2307: Cannot find module 'react-qr-code' or its corresponding type declarations.
src/cashier/pages/CashierDashboard.tsx(145,28): error TS2304: Cannot find name 'auth'.
src/cashier/pages/CashierDashboard.tsx(1175,46): error TS2304: Cannot find name 'ImageIcon'.
src/cpanel/pages/AppOrders.tsx(115,52): error TS2322: Type '{ amount: any; }' is not assignable to type 'DualPriceProps'.
  Property 'amount' does not exist on type 'DualPriceProps'.
src/cpanel/pages/DeliveryManagement.tsx(28,17): error TS2304: Cannot find name 'orderBy'.
src/cpanel/pages/DeliveryManagement.tsx(29,17): error TS2304: Cannot find name 'limit'.
src/cpanel/pages/DeliveryManagement.tsx(307,38): error TS2304: Cannot find name 'calculateDriverBalance'.
src/cpanel/pages/DeliveryManagement.tsx(1377,34): error TS2304: Cannot find name 'Search'.
src/cpanel/pages/LiquidationsManager.tsx(44,75): error TS2339: Property 'deliveryDriverId' does not exist on type '{ id: string; }'.
src/cpanel/pages/LiquidationsManager.tsx(44,112): error TS2339: Property 'deliveryPaid' does not exist on type '{ id: string; }'.
src/cpanel/pages/LiquidationsManager.tsx(45,82): error TS2339: Property 'driverId' does not exist on type '{ id: string; }'.
src/cpanel/pages/LiquidationsManager.tsx(45,111): error TS2339: Property 'driverPaid' does not exist on type '{ id: string; }'.
src/cpanel/pages/LiquidationsManager.tsx(47,90): error TS2339: Property 'deliveryFee' does not exist on type '{ id: string; }'.
src/cpanel/pages/LiquidationsManager.tsx(48,105): error TS2339: Property 'driverPayout' does not exist on type '{ id: string; }'.
src/cpanel/pages/LiquidationsManager.tsx(48,123): error TS2339: Property 'price' does not exist on type '{ id: string; }'.
src/cpanel/pages/RestaurantProfile.tsx(457,34): error TS2304: Cannot find name 'motion'.
src/cpanel/pages/RestaurantProfile.tsx(550,14): error TS2304: Cannot find name 'AnimatePresence'.
src/cpanel/pages/RestaurantProfile.tsx(553,26): error TS2304: Cannot find name 'motion'.
src/cpanel/pages/RestaurantProfile.tsx(905,27): error TS2304: Cannot find name 'motion'.
src/cpanel/pages/RestaurantProfile.tsx(908,15): error TS2304: Cannot find name 'AnimatePresence'.
src/delivery/pages/Earnings.tsx(385,42): error TS2304: Cannot find name 'Clock'.
src/delivery/pages/OrdersRadar.tsx(6,77): error TS2440: Import declaration conflicts with local declaration of 'Compass'.
src/lib/firebase.ts(32,9): error TS2367: This comparison appears to be unintentional because the types '"6Ld2ILAsAAAAAIAeMLQoPDP4SAllceAVso3Nfz9p"' and '"PEGA_AQUI_TU_CLAVE_DE_SITIO_RECAPTCHA_V3"' have no overlap.
